Sourish@DESKTOP-DJ3D3T0 MINGW64 /f/GIT (main)
$ git branch GitNewBranch

Sourish@DESKTOP-DJ3D3T0 MINGW64 /f/GIT (main)
$ git branch
  GitNewBranch
* main

Sourish@DESKTOP-DJ3D3T0 MINGW64 /f/GIT (main)
$ git checkout GitNewBranch
Switched to branch 'GitNewBranch'

Sourish@DESKTOP-DJ3D3T0 MINGW64 /f/GIT (GitNewBranch)
$ git branch
* GitNewBranch
  main

Sourish@DESKTOP-DJ3D3T0 MINGW64 /f/GIT (GitNewBranch)
$ vi file2.txt

Sourish@DESKTOP-DJ3D3T0 MINGW64 /f/GIT (GitNewBranch)
$ git status
On branch GitNewBranch
Untracked files:
  (use "git add <file>..." to include in what will be committed)
        file2.txt

nothing added to commit but untracked files present (use "git add" to track)

Sourish@DESKTOP-DJ3D3T0 MINGW64 /f/GIT (GitNewBranch)
$ git add .
warning: LF will be replaced by CRLF in file2.txt.
The file will have its original line endings in your working directory

Sourish@DESKTOP-DJ3D3T0 MINGW64 /f/GIT (GitNewBranch)
$ git commit -m "commit file2"
[GitNewBranch c66850c] commit file2
 1 file changed, 10 insertions(+)
 create mode 100644 file2.txt

Sourish@DESKTOP-DJ3D3T0 MINGW64 /f/GIT (GitNewBranch)
$ git checkout main
Switched to branch 'main'
Your branch is up to date with 'origin/main'.

Sourish@DESKTOP-DJ3D3T0 MINGW64 /f/GIT (main)
$ git branch
  GitNewBranch
* main

Sourish@DESKTOP-DJ3D3T0 MINGW64 /f/GIT (main)
$ git diff

Sourish@DESKTOP-DJ3D3T0 MINGW64 /f/GIT (main)
$ git diff main GitNewBranch
diff --git a/file2.txt b/file2.txt
new file mode 100644
index 0000000..47c870e
--- /dev/null
+++ b/file2.txt
@@ -0,0 +1,10 @@
+Hello
+This is a file
+qa
+
+
+
+qzzzz
+
+
+

Sourish@DESKTOP-DJ3D3T0 MINGW64 /f/GIT (main)
$ git merge GitNewBranch
Updating c20c718..c66850c
Fast-forward
 file2.txt | 10 ++++++++++
 1 file changed, 10 insertions(+)
 create mode 100644 file2.txt

Sourish@DESKTOP-DJ3D3T0 MINGW64 /f/GIT (main)
$ git log --oneline --graph --decorate
* c66850c (HEAD -> main, GitNewBranch) commit file2
* c20c718 (origin/main) 2
* d5c1837 Initial Commit

Sourish@DESKTOP-DJ3D3T0 MINGW64 /f/GIT (main)
$ git branch -d GitNewBranch
Deleted branch GitNewBranch (was c66850c).

Sourish@DESKTOP-DJ3D3T0 MINGW64 /f/GIT (main)
$ git branch
* main

Sourish@DESKTOP-DJ3D3T0 MINGW64 /f/GIT (main)
$ git status
On branch main
Your branch is ahead of 'origin/main' by 1 commit.
  (use "git push" to publish your local commits)

nothing to commit, working tree clean

Sourish@DESKTOP-DJ3D3T0 MINGW64 /f/GIT (main)
$ git add .

Sourish@DESKTOP-DJ3D3T0 MINGW64 /f/GIT (main)
$ git commit -m "Branching explained"
On branch main
Your branch is ahead of 'origin/main' by 1 commit.
  (use "git push" to publish your local commits)

nothing to commit, working tree clean

Sourish@DESKTOP-DJ3D3T0 MINGW64 /f/GIT (main)
$ git push origin main
Enumerating objects: 4, done.
Counting objects: 100% (4/4), done.
Delta compression using up to 8 threads
Compressing objects: 100% (2/2), done.
Writing objects: 100% (3/3), 296 bytes | 296.00 KiB/s, done.
Total 3 (delta 1), reused 0 (delta 0), pack-reused 0
remote: Resolving deltas: 100% (1/1), completed with 1 local object.
To github.com:sourishjana/Git-Tuts.git
   c20c718..c66850c  main -> main
